=== forge build --sizes ===
=== captured by lib/solidity-pipeline/scripts/audit-logs.sh, non-TTY, full verbosity ===

No files changed, compilation skipped

╭---------------------+------------------+-------------------+--------------------+---------------------╮
| Contract            | Runtime Size (B) | Initcode Size (B) | Runtime Margin (B) | Initcode Margin (B) |
+=======================================================================================================+
| Actor               | 479              | 507               | 24,097             | 48,645              |
|---------------------+------------------+-------------------+--------------------+---------------------|
| Address             | 85               | 135               | 24,491             | 49,017              |
|---------------------+------------------+-------------------+--------------------+---------------------|
| ERC1967Proxy        | 163              | 976               | 24,413             | 48,176              |
|---------------------+------------------+-------------------+--------------------+---------------------|
| ERC1967Utils        | 85               | 135               | 24,491             | 49,017              |
|---------------------+------------------+-------------------+--------------------+---------------------|
| Errors              | 85               | 135               | 24,491             | 49,017              |
|---------------------+------------------+-------------------+--------------------+---------------------|
| EscrowUpgradeable   | 7,299            | 7,548             | 17,277             | 41,604              |
|---------------------+------------------+-------------------+--------------------+---------------------|
| EscrowUpgradeableV2 | 7,724            | 7,973             | 16,852             | 41,179              |
|---------------------+------------------+-------------------+--------------------+---------------------|
| EscrowV2            | 8,154            | 8,403             | 16,422             | 40,749              |
|---------------------+------------------+-------------------+--------------------+---------------------|
| Groth16Verifier     | 1,538            | 1,566             | 23,038             | 47,586              |
|---------------------+------------------+-------------------+--------------------+---------------------|
| MaliciousReceiver   | 2,269            | 2,448             | 22,307             | 46,704              |
|---------------------+------------------+-------------------+--------------------+---------------------|
| MockVerifier        | 372              | 412               | 24,204             | 48,740              |
|---------------------+------------------+-------------------+--------------------+---------------------|
| Properties          | 10,933           | 21,260            | 13,643             | 27,892              |
|---------------------+------------------+-------------------+--------------------+---------------------|
| StorageSlot         | 85               | 135               | 24,491             | 49,017              |
╰---------------------+------------------+-------------------+--------------------+---------------------╯


=== exit status: 0 ===
