=== /home/peter/Documents/pigfox2-repos/zk-escrow/lib/solidity-pipeline/scripts/coverage.sh --exclude src/Verifier.sol ===
=== captured by lib/solidity-pipeline/scripts/audit-logs.sh, non-TTY, full verbosity ===

[1;34m==>[0m Running forge coverage in /home/peter/Documents/pigfox2-repos/zk-escrow
Warning: optimizer settings and `viaIR` have been disabled for accurate coverage reports.
If you encounter "stack too deep" errors, consider using `--ir-minimum` which enables `viaIR` with minimum optimization resolving most of the errors
Compiling 60 files with Solc 0.8.28
Solc 0.8.28 finished in 6.53s
Compiler run successful with warnings:
Warning (2018): Function state mutability can be restricted to view
   --> src/EscrowUpgradeable.sol:469:5:
    |
469 |     function _authorizeUpgrade(address newImplementation) internal override onlyOwner {
    |     ^ (Relevant source part starts here and spans across multiple lines).

Analysing contracts...
Running tests...

Ran 8 tests for test/Upgrade.t.sol:UpgradeTest
[PASS] test_Upgrade_ByOwnerSucceeds() (gas: 3112501)
[PASS] test_Upgrade_OwnershipTransferGatesFutureUpgrades() (gas: 3124819)
[PASS] test_Upgrade_PreservesState() (gas: 3616687)
[PASS] test_Upgrade_RevertsForBuyerAndArbiter() (gas: 3117485)
[PASS] test_Upgrade_RevertsForNonOwner() (gas: 3103743)
[PASS] test_Upgrade_RevertsOnNonContractImplementation() (gas: 24886)
[PASS] test_Upgrade_RevertsOnZeroImplementation() (gas: 20118)
[PASS] test_Upgrade_RevertsWhenCalledOnImplementation() (gas: 5875065)
Suite result: ok. 8 passed; 0 failed; 0 skipped; finished in 20.08ms (16.56ms CPU time)

Ran 5 tests for test/RecoveryDrill.t.sol:RecoveryDrillTest
[PASS] test_drill_buyerWins() (gas: 3291269)
[PASS] test_drill_sellerWins() (gas: 3298109)
[PASS] test_setArbiter_onlyOwner() (gas: 3200092)
[PASS] test_staleArbiterCannotResolveAfterRotation() (gas: 3209181)
[PASS] test_v1HasNoSetArbiter() (gas: 211954)
Suite result: ok. 5 passed; 0 failed; 0 skipped; finished in 26.60ms (18.30ms CPU time)

Ran 15 tests for test/ZkRelease.t.sol:ZkReleaseTest
[PASS] test_Fixtures_ShareCommitmentButNotNullifier() (gas: 19335)
[PASS] test_Release_EachProofSettlesExactlyItsOwnEscrow() (gas: 925846)
[PASS] test_Release_RejectsGarbageProof() (gas: 1008183280)
[PASS] test_Release_RejectsMismatchedNullifier() (gas: 434356)
[PASS] test_Release_RejectsProofAgainstWrongCommitment() (gas: 434399)
[PASS] test_Release_RejectsProofFromAnotherEscrow() (gas: 434192)
[PASS] test_Release_RevertsOnOutOfRangeNullifier() (gas: 230427)
[PASS] test_Release_WithRealProof() (gas: 516853)
[PASS] test_Verifier_AcceptsFixtureProof() (gas: 240424)
[PASS] test_Verifier_RejectsOffCurvePoint() (gas: 1040434188)
[PASS] test_Verifier_RejectsOutOfRangeCommitment() (gas: 36925)
[PASS] test_Verifier_RejectsOutOfRangeEscrowId() (gas: 36781)
[PASS] test_Verifier_RejectsOutOfRangeNullifier() (gas: 36615)
[PASS] test_Verifier_RejectsTamperedPublicSignals() (gas: 240608)
[PASS] test_Verifier_RejectsZeroProof() (gas: 222895)
Suite result: ok. 15 passed; 0 failed; 0 skipped; finished in 109.80ms (133.38ms CPU time)

Ran 13 tests for test/PropertiesHarness.t.sol:PropertiesHarnessTest
[PASS] test_Harness_EverySettlementRegistersAnOpportunity() (gas: 1328905)
[PASS] test_Harness_FailedProofIsNotASettlementOpportunity() (gas: 527303)
[PASS] test_Harness_FailedProofLeavesEscrowFunded() (gas: 520983)
[PASS] test_Harness_NoOpsWhenNoEscrows() (gas: 244510)
[PASS] test_Harness_ReachesRefunded() (gas: 595407)
[PASS] test_Harness_ReachesReleased() (gas: 657621)
[PASS] test_Harness_ReachesResolvedForBuyer() (gas: 677384)
[PASS] test_Harness_ReachesResolvedForSeller() (gas: 649739)
[PASS] test_Harness_SameAddressBuyerAndSellerAcrossEscrows() (gas: 1115399)
[PASS] test_Harness_SpentNullifierCannotReleaseSecondEscrow() (gas: 948302)
[PASS] test_Harness_UnauthorizedResolveIsRejected() (gas: 520311)
[PASS] test_Harness_UniformFundOnTerminalEscrowIsRejected() (gas: 723671)
[PASS] test_Harness_WithdrawDrainsCredits() (gas: 667492)
Suite result: ok. 13 passed; 0 failed; 0 skipped; finished in 153.92ms (150.76ms CPU time)

Ran 61 tests for test/EscrowUpgradeable.t.sol:EscrowUpgradeableTest
[PASS] testFuzz_CreateEscrow_RejectsNonParties(address) (runs: 512, μ: 189585, ~: 189595)
[PASS] testFuzz_Fund_RejectsAnyWrongAmount(uint256) (runs: 512, μ: 196912, ~: 196368)
[PASS] testFuzz_ResolveDispute_OnlyEverPaysBuyerOrSeller(uint8,address) (runs: 512, μ: 209590, ~: 209698)
[PASS] test_CreateEscrow_IdsIncrementIndependently() (gas: 323520)
[PASS] test_CreateEscrow_RevertsOnZeroAmount() (gas: 22365)
[PASS] test_CreateEscrow_RevertsOnZeroArbiter() (gas: 19989)
[PASS] test_CreateEscrow_RevertsOnZeroSeller() (gas: 20011)
[PASS] test_CreateEscrow_RevertsWhenArbiterIsBuyer() (gas: 20175)
[PASS] test_CreateEscrow_RevertsWhenArbiterIsSeller() (gas: 20265)
[PASS] test_CreateEscrow_RevertsWhenSellerIsBuyer() (gas: 20240)
[PASS] test_CreateEscrow_Succeeds() (gas: 201424)
[PASS] test_Fund_RevertsForUnknownEscrow() (gas: 26541)
[PASS] test_Fund_RevertsOnWrongAmount() (gas: 192096)
[PASS] test_Fund_RevertsWhenAlreadyFunded() (gas: 204221)
[PASS] test_Fund_RevertsWhenNotBuyer() (gas: 193749)
[PASS] test_Fund_Succeeds() (gas: 200476)
[PASS] test_GetEscrow_RevertsForUnknownEscrow() (gas: 19718)
[PASS] test_GetState_ReturnsNoneForUnknownEscrow() (gas: 17078)
[PASS] test_Initialize_ImplementationIsDisabled() (gas: 2798607)
[PASS] test_Initialize_RevertsOnSecondCall() (gas: 21329)
[PASS] test_Initialize_RevertsOnZeroOwner() (gas: 2877315)
[PASS] test_Initialize_RevertsOnZeroVerifier() (gas: 2877227)
[PASS] test_Initialize_SetsState() (gas: 35300)
[PASS] test_RaiseDispute_ByBuyer() (gas: 206240)
[PASS] test_RaiseDispute_BySeller() (gas: 202607)
[PASS] test_RaiseDispute_RevertsForArbiter() (gas: 197781)
[PASS] test_RaiseDispute_RevertsForThirdParty() (gas: 199826)
[PASS] test_RaiseDispute_RevertsForUnknownEscrow() (gas: 20206)
[PASS] test_RaiseDispute_RevertsOnEmptyEvidence() (gas: 196821)
[PASS] test_RaiseDispute_RevertsWhenNotFunded() (gas: 185887)
[PASS] test_Refund_RevertsForUnknownEscrow() (gas: 19815)
[PASS] test_Refund_RevertsWhenNotFunded() (gas: 185368)
[PASS] test_Refund_RevertsWhenNotSeller() (gas: 197156)
[PASS] test_Refund_Succeeds() (gas: 254861)
[PASS] test_Release_DoesNotCreditArbiter() (gas: 305456)
[PASS] test_Release_IsPermissionless() (gas: 311548)
[PASS] test_Release_RevertsForUnknownEscrow() (gas: 39502)
[PASS] test_Release_RevertsOnInvalidProof() (gas: 231966)
[PASS] test_Release_RevertsOnReusedNullifier() (gas: 463144)
[PASS] test_Release_RevertsWhenNotFunded() (gas: 207217)
[PASS] test_Release_Succeeds() (gas: 319224)
[PASS] test_ResolveDispute_ArbiterIsPerEscrow() (gas: 365674)
[PASS] test_ResolveDispute_BuyerWins() (gas: 276967)
[PASS] test_ResolveDispute_CannotBeResolvedTwice() (gas: 259954)
[PASS] test_ResolveDispute_RevertsForOwnerWhoIsNotArbiter() (gas: 206501)
[PASS] test_ResolveDispute_RevertsForUnknownEscrow() (gas: 20535)
[PASS] test_ResolveDispute_RevertsOnEmptyRationale() (gas: 203640)
[PASS] test_ResolveDispute_RevertsWhenNotArbiter() (gas: 204477)
[PASS] test_ResolveDispute_RevertsWhenNotDisputed() (gas: 198320)
[PASS] test_ResolveDispute_SellerWins() (gas: 271901)
[PASS] test_SubmitEvidence_ByBothParties() (gas: 218994)
[PASS] test_SubmitEvidence_RevertsForThirdParty() (gas: 206429)
[PASS] test_SubmitEvidence_RevertsForUnknownEscrow() (gas: 20294)
[PASS] test_SubmitEvidence_RevertsOnEmptyEvidence() (gas: 203507)
[PASS] test_SubmitEvidence_RevertsWhenNotDisputed() (gas: 198059)
[PASS] test_Withdraw_AccumulatesAcrossEscrows() (gas: 501261)
[PASS] test_Withdraw_ReentrancyIsBlocked() (gas: 1287449)
[PASS] test_Withdraw_RevertsOnSecondCall() (gas: 305748)
[PASS] test_Withdraw_RevertsWhenRecipientRejectsEth() (gas: 1079108)
[PASS] test_Withdraw_RevertsWithNothingPending() (gas: 24372)
[PASS] test_Withdraw_Succeeds() (gas: 313477)
Suite result: ok. 61 passed; 0 failed; 0 skipped; finished in 1.02s (1.19s CPU time)

Ran 10 tests for test/SetArbiter.t.sol:SetArbiterTest
[PASS] testFuzz_SetArbiter_NeverMovesFunds(address) (runs: 512, μ: 239593, ~: 239593)
[PASS] testFuzz_SetArbiter_OnlyOwnerCanRotate(address) (runs: 512, μ: 217241, ~: 217241)
[PASS] test_SetArbiter_RevertsForNonOwner() (gas: 209705)
[PASS] test_SetArbiter_RevertsForNonexistentEscrow() (gas: 24563)
[PASS] test_SetArbiter_RevertsOnZeroArbiter() (gas: 207022)
[PASS] test_SetArbiter_RevertsWhenNewArbiterIsBuyer() (gas: 207375)
[PASS] test_SetArbiter_RevertsWhenNewArbiterIsSeller() (gas: 207540)
[PASS] test_SetArbiter_RevertsWhenNotDisputed() (gas: 204843)
[PASS] test_SetArbiter_RotatedArbiterCanSettle() (gas: 284002)
[PASS] test_SetArbiter_RotatesDisputedEscrow() (gas: 237200)
Suite result: ok. 10 passed; 0 failed; 0 skipped; finished in 23.28s (1.14s CPU time)

Ran 2 tests for test/SetArbiterInvariant.t.sol:SetArbiterInvariantTest
[PASS] invariant_OnlyOwnerCanRotate() (runs: 256, calls: 16384, reverts: 0)

╭-------------------+------------------+-------+---------+----------╮
| Contract          | Selector         | Calls | Reverts | Discards |
+===================================================================+
| SetArbiterHandler | rotateAsNonOwner | 8201  | 0       | 0        |
|-------------------+------------------+-------+---------+----------|
| SetArbiterHandler | rotateAsOwner    | 8183  | 0       | 0        |
╰-------------------+------------------+-------+---------+----------╯

[PASS] invariant_RotationNeverMovesFunds() (runs: 256, calls: 16384, reverts: 0)

╭-------------------+------------------+-------+---------+----------╮
| Contract          | Selector         | Calls | Reverts | Discards |
+===================================================================+
| SetArbiterHandler | rotateAsNonOwner | 8201  | 0       | 0        |
|-------------------+------------------+-------+---------+----------|
| SetArbiterHandler | rotateAsOwner    | 8183  | 0       | 0        |
╰-------------------+------------------+-------+---------+----------╯

Suite result: ok. 2 passed; 0 failed; 0 skipped; finished in 23.71s (46.38s CPU time)

Ran 8 tests for test/Invariants.t.sol:InvariantsTest
[PASS] invariant_ArbiterNeverCredited() (runs: 256, calls: 16384, reverts: 0)

╭------------+----------------------------+-------+---------+----------╮
| Contract   | Selector                   | Calls | Reverts | Discards |
+======================================================================+
| Properties | createEscrow               | 2732  | 0       | 0        |
|------------+----------------------------+-------+---------+----------|
| Properties | fund                       | 2732  | 0       | 0        |
|------------+----------------------------+-------+---------+----------|
| Properties | raiseDispute               | 1792  | 0       | 0        |
|------------+----------------------------+-------+---------+----------|
| Properties | refund                     | 1958  | 0       | 0        |
|------------+----------------------------+-------+---------+----------|
| Properties | release                    | 1780  | 0       | 0        |
|------------+----------------------------+-------+---------+----------|
| Properties | resolveDispute             | 1833  | 0       | 0        |
|------------+----------------------------+-------+---------+----------|
| Properties | resolveDisputeUnauthorized | 897   | 0       | 0        |
|------------+----------------------------+-------+---------+----------|
| Properties | setVerifierVerdict         | 901   | 0       | 0        |
|------------+----------------------------+-------+---------+----------|
| Properties | submitEvidence             | 908   | 0       | 0        |
|------------+----------------------------+-------+---------+----------|
| Properties | withdraw                   | 851   | 0       | 0        |
╰------------+----------------------------+-------+---------+----------╯

[PASS] invariant_BalanceEqualsObligations() (runs: 256, calls: 16384, reverts: 0)

╭------------+----------------------------+-------+---------+----------╮
| Contract   | Selector                   | Calls | Reverts | Discards |
+======================================================================+
| Properties | createEscrow               | 2732  | 0       | 0        |
|------------+----------------------------+-------+---------+----------|
| Properties | fund                       | 2732  | 0       | 0        |
|------------+----------------------------+-------+---------+----------|
| Properties | raiseDispute               | 1792  | 0       | 0        |
|------------+----------------------------+-------+---------+----------|
| Properties | refund                     | 1958  | 0       | 0        |
|------------+----------------------------+-------+---------+----------|
| Properties | release                    | 1780  | 0       | 0        |
|------------+----------------------------+-------+---------+----------|
| Properties | resolveDispute             | 1833  | 0       | 0        |
|------------+----------------------------+-------+---------+----------|
| Properties | resolveDisputeUnauthorized | 897   | 0       | 0        |
|------------+----------------------------+-------+---------+----------|
| Properties | setVerifierVerdict         | 901   | 0       | 0        |
|------------+----------------------------+-------+---------+----------|
| Properties | submitEvidence             | 908   | 0       | 0        |
|------------+----------------------------+-------+---------+----------|
| Properties | withdraw                   | 851   | 0       | 0        |
╰------------+----------------------------+-------+---------+----------╯

[PASS] invariant_LedgerConsistent() (runs: 256, calls: 16384, reverts: 0)

╭------------+----------------------------+-------+---------+----------╮
| Contract   | Selector                   | Calls | Reverts | Discards |
+======================================================================+
| Properties | createEscrow               | 2732  | 0       | 0        |
|------------+----------------------------+-------+---------+----------|
| Properties | fund                       | 2732  | 0       | 0        |
|------------+----------------------------+-------+---------+----------|
| Properties | raiseDispute               | 1792  | 0       | 0        |
|------------+----------------------------+-------+---------+----------|
| Properties | refund                     | 1958  | 0       | 0        |
|------------+----------------------------+-------+---------+----------|
| Properties | release                    | 1780  | 0       | 0        |
|------------+----------------------------+-------+---------+----------|
| Properties | resolveDispute             | 1833  | 0       | 0        |
|------------+----------------------------+-------+---------+----------|
| Properties | resolveDisputeUnauthorized | 897   | 0       | 0        |
|------------+----------------------------+-------+---------+----------|
| Properties | setVerifierVerdict         | 901   | 0       | 0        |
|------------+----------------------------+-------+---------+----------|
| Properties | submitEvidence             | 908   | 0       | 0        |
|------------+----------------------------+-------+---------+----------|
| Properties | withdraw                   | 851   | 0       | 0        |
╰------------+----------------------------+-------+---------+----------╯

[PASS] invariant_NullifierNeverReused() (runs: 256, calls: 16384, reverts: 0)

╭------------+----------------------------+-------+---------+----------╮
| Contract   | Selector                   | Calls | Reverts | Discards |
+======================================================================+
| Properties | createEscrow               | 2732  | 0       | 0        |
|------------+----------------------------+-------+---------+----------|
| Properties | fund                       | 2732  | 0       | 0        |
|------------+----------------------------+-------+---------+----------|
| Properties | raiseDispute               | 1792  | 0       | 0        |
|------------+----------------------------+-------+---------+----------|
| Properties | refund                     | 1958  | 0       | 0        |
|------------+----------------------------+-------+---------+----------|
| Properties | release                    | 1780  | 0       | 0        |
|------------+----------------------------+-------+---------+----------|
| Properties | resolveDispute             | 1833  | 0       | 0        |
|------------+----------------------------+-------+---------+----------|
| Properties | resolveDisputeUnauthorized | 897   | 0       | 0        |
|------------+----------------------------+-------+---------+----------|
| Properties | setVerifierVerdict         | 901   | 0       | 0        |
|------------+----------------------------+-------+---------+----------|
| Properties | submitEvidence             | 908   | 0       | 0        |
|------------+----------------------------+-------+---------+----------|
| Properties | withdraw                   | 851   | 0       | 0        |
╰------------+----------------------------+-------+---------+----------╯

[PASS] invariant_ObligationsNeverExceedFunded() (runs: 256, calls: 16384, reverts: 0)

╭------------+----------------------------+-------+---------+----------╮
| Contract   | Selector                   | Calls | Reverts | Discards |
+======================================================================+
| Properties | createEscrow               | 2732  | 0       | 0        |
|------------+----------------------------+-------+---------+----------|
| Properties | fund                       | 2732  | 0       | 0        |
|------------+----------------------------+-------+---------+----------|
| Properties | raiseDispute               | 1792  | 0       | 0        |
|------------+----------------------------+-------+---------+----------|
| Properties | refund                     | 1958  | 0       | 0        |
|------------+----------------------------+-------+---------+----------|
| Properties | release                    | 1780  | 0       | 0        |
|------------+----------------------------+-------+---------+----------|
| Properties | resolveDispute             | 1833  | 0       | 0        |
|------------+----------------------------+-------+---------+----------|
| Properties | resolveDisputeUnauthorized | 897   | 0       | 0        |
|------------+----------------------------+-------+---------+----------|
| Properties | setVerifierVerdict         | 901   | 0       | 0        |
|------------+----------------------------+-------+---------+----------|
| Properties | submitEvidence             | 908   | 0       | 0        |
|------------+----------------------------+-------+---------+----------|
| Properties | withdraw                   | 851   | 0       | 0        |
╰------------+----------------------------+-------+---------+----------╯

[PASS] invariant_StateMachineValid() (runs: 256, calls: 16384, reverts: 0)

╭------------+----------------------------+-------+---------+----------╮
| Contract   | Selector                   | Calls | Reverts | Discards |
+======================================================================+
| Properties | createEscrow               | 2732  | 0       | 0        |
|------------+----------------------------+-------+---------+----------|
| Properties | fund                       | 2732  | 0       | 0        |
|------------+----------------------------+-------+---------+----------|
| Properties | raiseDispute               | 1792  | 0       | 0        |
|------------+----------------------------+-------+---------+----------|
| Properties | refund                     | 1958  | 0       | 0        |
|------------+----------------------------+-------+---------+----------|
| Properties | release                    | 1780  | 0       | 0        |
|------------+----------------------------+-------+---------+----------|
| Properties | resolveDispute             | 1833  | 0       | 0        |
|------------+----------------------------+-------+---------+----------|
| Properties | resolveDisputeUnauthorized | 897   | 0       | 0        |
|------------+----------------------------+-------+---------+----------|
| Properties | setVerifierVerdict         | 901   | 0       | 0        |
|------------+----------------------------+-------+---------+----------|
| Properties | submitEvidence             | 908   | 0       | 0        |
|------------+----------------------------+-------+---------+----------|
| Properties | withdraw                   | 851   | 0       | 0        |
╰------------+----------------------------+-------+---------+----------╯

[PASS] test_declaredPropertyCountMatchesThisFile() (gas: 92447)
[PASS] test_harnessSaysWhatItProves() (gas: 10347)
Suite result: ok. 8 passed; 0 failed; 0 skipped; finished in 45.02s (168.71s CPU time)

Ran 8 test suites in 45.02s (93.34s CPU time): 122 tests passed, 0 failed, 0 skipped (122 total tests)

╭-----------------------------+------------------+-------------------+-----------------+-----------------╮
| File                        | % Lines          | % Statements      | % Branches      | % Funcs         |
+========================================================================================================+
| src/EscrowUpgradeable.sol   | 100.00% (92/92)  | 100.00% (116/116) | 100.00% (20/20) | 100.00% (16/16) |
|-----------------------------+------------------+-------------------+-----------------+-----------------|
| src/EscrowUpgradeableV2.sol | 100.00% (9/9)    | 100.00% (14/14)   | 100.00% (4/4)   | 100.00% (1/1)   |
|-----------------------------+------------------+-------------------+-----------------+-----------------|
| src/Verifier.sol            | 93.65% (59/63)   | 93.22% (55/59)    | 33.33% (1/3)    | 100.00% (4/4)   |
|-----------------------------+------------------+-------------------+-----------------+-----------------|
| Total                       | 97.56% (160/164) | 97.88% (185/189)  | 92.59% (25/27)  | 100.00% (21/21) |
╰-----------------------------+------------------+-------------------+-----------------+-----------------╯

[1;34m==>[0m Enforcing 100% coverage on src/ (excluding: src/Verifier.sol)
  OK    src/EscrowUpgradeable.sol                100% lines / statements / branches / functions
  OK    src/EscrowUpgradeableV2.sol              100% lines / statements / branches / functions
  SKIP  src/Verifier.sol                         (documented exclusion)

PASSED: 2 file(s) at 100% on all four metrics (1 documented exclusion(s)).

=== exit status: 0 ===
