=== echidna . --contract Properties --config echidna.yaml ===
=== captured by lib/solidity-pipeline/scripts/audit-logs.sh, non-TTY, full verbosity ===

[2026-08-01 09:02:54.83] Compiling .... Done! (3.192062957s)
Analyzing contract: /home/peter/Documents/pigfox2-repos/zk-escrow/test/Properties.sol:Properties
[2026-08-01 09:02:59.71] Running slither on .... Done! (42.494614123s)
Loaded 0 transaction sequences from echidna-corpus/reproducers
Loaded 43 transaction sequences from echidna-corpus/coverage
[2026-08-01 09:03:43.20] [Worker 0] New coverage: 10264 instr, 5 contracts, 1 seqs in corpus
[2026-08-01 09:03:43.23] [Worker 0] Sequence replayed from corpus file 1981188057611037813.txt (1/11)
[2026-08-01 09:03:43.23] [Worker 1] New coverage: 10273 instr, 5 contracts, 2 seqs in corpus
[2026-08-01 09:03:43.23] [Worker 1] Sequence replayed from corpus file 2247458774583949862.txt (1/11)
[2026-08-01 09:03:43.25]  Saved reproducer to echidna-corpus/coverage/1981188057611037813.txt
[2026-08-01 09:03:43.31] [Worker 3] New coverage: 10287 instr, 5 contracts, 3 seqs in corpus
[2026-08-01 09:03:43.31] [Worker 3] Sequence replayed from corpus file 7627869792393677490.txt (1/10)
[2026-08-01 09:03:43.40]  Saved reproducer to echidna-corpus/coverage/2247458774583949862.txt
[2026-08-01 09:03:43.41] [Worker 2] New coverage: 10287 instr, 5 contracts, 4 seqs in corpus
[2026-08-01 09:03:43.41] [Worker 2] Sequence replayed from corpus file 3696006882944344457.txt (1/11)
[2026-08-01 09:03:43.53]  Saved reproducer to echidna-corpus/coverage/7627869792393677490.txt
[2026-08-01 09:03:43.59]  Saved reproducer to echidna-corpus/coverage/3696006882944344457.txt
[2026-08-01 09:03:43.79] [Worker 1] New coverage: 10434 instr, 5 contracts, 5 seqs in corpus
[2026-08-01 09:03:43.79] [Worker 1] Sequence replayed from corpus file 2041467637297339903.txt (2/11)
[2026-08-01 09:03:43.85]  Saved reproducer to echidna-corpus/coverage/2041467637297339903.txt
[2026-08-01 09:03:43.91] [Worker 0] New coverage: 10434 instr, 5 contracts, 6 seqs in corpus
[2026-08-01 09:03:43.91] [Worker 0] Sequence replayed from corpus file 8247539285435784016.txt (2/11)
[2026-08-01 09:03:43.98]  Saved reproducer to echidna-corpus/coverage/8247539285435784016.txt
[2026-08-01 09:03:43.98] [Worker 3] New coverage: 10434 instr, 5 contracts, 7 seqs in corpus
[2026-08-01 09:03:43.99] [Worker 3] Sequence replayed from corpus file 9022881023415965236.txt (2/10)
[2026-08-01 09:03:44.04] [Worker 2] New coverage: 10439 instr, 5 contracts, 8 seqs in corpus
[2026-08-01 09:03:44.05] [Worker 2] Sequence replayed from corpus file 8264292773300835219.txt (2/11)
[2026-08-01 09:03:44.07]  Saved reproducer to echidna-corpus/coverage/9022881023415965236.txt
[2026-08-01 09:03:44.17]  Saved reproducer to echidna-corpus/coverage/8264292773300835219.txt
[2026-08-01 09:03:44.26] [Worker 0] Sequence replayed from corpus file 6325654571558890608.txt (3/11)
[2026-08-01 09:03:44.33] [Worker 1] Sequence replayed from corpus file 8897076499444743980.txt (3/11)
[2026-08-01 09:03:44.43] [Worker 3] New coverage: 10457 instr, 5 contracts, 9 seqs in corpus
[2026-08-01 09:03:44.44] [Worker 3] Sequence replayed from corpus file 7527458283760032834.txt (3/10)
[2026-08-01 09:03:44.51] [Worker 2] Sequence replayed from corpus file 1034283086116118935.txt (3/11)
[2026-08-01 09:03:44.54]  Saved reproducer to echidna-corpus/coverage/7527458283760032834.txt
[2026-08-01 09:03:44.82] [Worker 0] Sequence replayed from corpus file 3396023940285999275.txt (4/11)
[2026-08-01 09:03:44.84] [Worker 1] New coverage: 10490 instr, 5 contracts, 10 seqs in corpus
[2026-08-01 09:03:44.84] [Worker 1] Sequence replayed from corpus file 7831322605050286043.txt (4/11)
[2026-08-01 09:03:44.91]  Saved reproducer to echidna-corpus/coverage/7831322605050286043.txt
[2026-08-01 09:03:44.95] [Worker 3] New coverage: 10508 instr, 5 contracts, 11 seqs in corpus
[2026-08-01 09:03:44.95] [Worker 3] Sequence replayed from corpus file 5774539754749106060.txt (4/10)
[2026-08-01 09:03:45.02]  Saved reproducer to echidna-corpus/coverage/5774539754749106060.txt
[2026-08-01 09:03:45.04] [Worker 2] New coverage: 10574 instr, 5 contracts, 12 seqs in corpus
[2026-08-01 09:03:45.04] [Worker 2] Sequence replayed from corpus file 724194668302588631.txt (4/11)
[2026-08-01 09:03:45.13]  Saved reproducer to echidna-corpus/coverage/724194668302588631.txt
[2026-08-01 09:03:45.27] [Worker 0] New coverage: 10614 instr, 5 contracts, 13 seqs in corpus
[2026-08-01 09:03:45.27] [Worker 0] Sequence replayed from corpus file 3174832100402285321.txt (5/11)
[2026-08-01 09:03:45.37]  Saved reproducer to echidna-corpus/coverage/3174832100402285321.txt
[2026-08-01 09:03:45.43] [Worker 1] New coverage: 10614 instr, 5 contracts, 14 seqs in corpus
[2026-08-01 09:03:45.43] [Worker 1] Sequence replayed from corpus file 7917853523633352119.txt (5/11)
[2026-08-01 09:03:45.51]  Saved reproducer to echidna-corpus/coverage/7917853523633352119.txt
[2026-08-01 09:03:45.52] [Worker 3] Sequence replayed from corpus file 8342052653849574835.txt (5/10)
[2026-08-01 09:03:45.55] [Worker 2] New coverage: 10617 instr, 5 contracts, 15 seqs in corpus
[2026-08-01 09:03:45.55] [Worker 2] Sequence replayed from corpus file 8120939335111601594.txt (5/11)
[2026-08-01 09:03:45.57] [Worker 0] Sequence replayed from corpus file 7359998404505754743.txt (6/11)
[2026-08-01 09:03:45.58] [status] tests: 0/6, fuzzing: 0/100000, values: [], cov: 10617, corpus: 15
[2026-08-01 09:03:45.62]  Saved reproducer to echidna-corpus/coverage/8120939335111601594.txt
[2026-08-01 09:03:45.89] [Worker 1] New coverage: 10617 instr, 5 contracts, 16 seqs in corpus
[2026-08-01 09:03:45.89] [Worker 1] Sequence replayed from corpus file 7664055635520807177.txt (6/11)
[2026-08-01 09:03:46.01]  Saved reproducer to echidna-corpus/coverage/7664055635520807177.txt
[2026-08-01 09:03:46.01] [Worker 3] New coverage: 10677 instr, 5 contracts, 17 seqs in corpus
[2026-08-01 09:03:46.01] [Worker 3] Sequence replayed from corpus file 6500825793396291939.txt (6/10)
[2026-08-01 09:03:46.02] [Worker 0] New coverage: 10677 instr, 5 contracts, 18 seqs in corpus
[2026-08-01 09:03:46.03] [Worker 0] Sequence replayed from corpus file 6351429593890710847.txt (7/11)
[2026-08-01 09:03:46.04] [Worker 2] New coverage: 10677 instr, 5 contracts, 19 seqs in corpus
[2026-08-01 09:03:46.04] [Worker 2] Sequence replayed from corpus file 977081352311083640.txt (6/11)
[2026-08-01 09:03:46.13]  Saved reproducer to echidna-corpus/coverage/6500825793396291939.txt
[2026-08-01 09:03:46.20]  Saved reproducer to echidna-corpus/coverage/6351429593890710847.txt
[2026-08-01 09:03:46.31]  Saved reproducer to echidna-corpus/coverage/977081352311083640.txt
[2026-08-01 09:03:46.56] [Worker 1] Sequence replayed from corpus file 8402063284131802486.txt (7/11)
[2026-08-01 09:03:46.63] [Worker 0] New coverage: 10746 instr, 5 contracts, 20 seqs in corpus
[2026-08-01 09:03:46.64] [Worker 0] Sequence replayed from corpus file 5229052778664212650.txt (8/11)
[2026-08-01 09:03:46.64] [Worker 3] Sequence replayed from corpus file 2001888426373121290.txt (7/10)
[2026-08-01 09:03:46.79]  Saved reproducer to echidna-corpus/coverage/5229052778664212650.txt
[2026-08-01 09:03:46.80] [Worker 2] New coverage: 10771 instr, 5 contracts, 21 seqs in corpus
[2026-08-01 09:03:46.81] [Worker 2] Sequence replayed from corpus file 3210366189242837938.txt (7/11)
[2026-08-01 09:03:46.91]  Saved reproducer to echidna-corpus/coverage/3210366189242837938.txt
[2026-08-01 09:03:47.17] [Worker 1] New coverage: 10871 instr, 5 contracts, 22 seqs in corpus
[2026-08-01 09:03:47.18] [Worker 1] Sequence replayed from corpus file 8226738104530667381.txt (8/11)
[2026-08-01 09:03:47.26] [Worker 0] New coverage: 10871 instr, 5 contracts, 23 seqs in corpus
[2026-08-01 09:03:47.26] [Worker 0] Sequence replayed from corpus file 7293042380384591158.txt (9/11)
[2026-08-01 09:03:47.29] [Worker 3] New coverage: 10871 instr, 5 contracts, 24 seqs in corpus
[2026-08-01 09:03:47.30] [Worker 3] Sequence replayed from corpus file 5017577088392394357.txt (8/10)
[2026-08-01 09:03:47.30]  Saved reproducer to echidna-corpus/coverage/8226738104530667381.txt
[2026-08-01 09:03:47.34] [Worker 2] New coverage: 10871 instr, 5 contracts, 25 seqs in corpus
[2026-08-01 09:03:47.34] [Worker 2] Sequence replayed from corpus file 8914074880686436148.txt (8/11)
[2026-08-01 09:03:47.36]  Saved reproducer to echidna-corpus/coverage/7293042380384591158.txt
[2026-08-01 09:03:47.47]  Saved reproducer to echidna-corpus/coverage/5017577088392394357.txt
[2026-08-01 09:03:47.60]  Saved reproducer to echidna-corpus/coverage/8914074880686436148.txt
[2026-08-01 09:03:47.79] [Worker 1] New coverage: 10916 instr, 5 contracts, 26 seqs in corpus
[2026-08-01 09:03:47.80] [Worker 1] Sequence replayed from corpus file 6016677063584901288.txt (9/11)
[2026-08-01 09:03:47.86] [Worker 0] New coverage: 10919 instr, 5 contracts, 27 seqs in corpus
[2026-08-01 09:03:47.86] [Worker 0] Sequence replayed from corpus file 5986915283304229368.txt (10/11)
[2026-08-01 09:03:47.90]  Saved reproducer to echidna-corpus/coverage/6016677063584901288.txt
[2026-08-01 09:03:47.91] [Worker 3] Sequence replayed from corpus file 8735709134203228331.txt (9/10)
[2026-08-01 09:03:47.93] [Worker 2] New coverage: 10938 instr, 5 contracts, 28 seqs in corpus
[2026-08-01 09:03:47.93] [Worker 2] Sequence replayed from corpus file 4728296584756677387.txt (9/11)
[2026-08-01 09:03:48.01]  Saved reproducer to echidna-corpus/coverage/5986915283304229368.txt
[2026-08-01 09:03:48.07]  Saved reproducer to echidna-corpus/coverage/4728296584756677387.txt
[2026-08-01 09:03:48.37] [Worker 1] New coverage: 11011 instr, 5 contracts, 29 seqs in corpus
[2026-08-01 09:03:48.38] [Worker 1] Sequence replayed from corpus file 7343789634310482581.txt (10/11)
[2026-08-01 09:03:48.41] [Worker 0] New coverage: 11011 instr, 5 contracts, 30 seqs in corpus
[2026-08-01 09:03:48.41] [Worker 0] Sequence replayed from corpus file 6782883648822758635.txt (11/11)
[2026-08-01 09:03:48.44]  Saved reproducer to echidna-corpus/coverage/7343789634310482581.txt
[2026-08-01 09:03:48.50] [Worker 2] New coverage: 11024 instr, 5 contracts, 31 seqs in corpus
[2026-08-01 09:03:48.50] [Worker 2] Sequence replayed from corpus file 4555304938301739950.txt (10/11)
[2026-08-01 09:03:48.51] [Worker 3] New coverage: 11024 instr, 5 contracts, 32 seqs in corpus
[2026-08-01 09:03:48.51] [Worker 3] Sequence replayed from corpus file 8383902726266723834.txt (10/10)
[2026-08-01 09:03:48.55]  Saved reproducer to echidna-corpus/coverage/6782883648822758635.txt
[2026-08-01 09:03:48.58] [status] tests: 0/6, fuzzing: 0/100000, values: [], cov: 11024, corpus: 32
[2026-08-01 09:03:48.68]  Saved reproducer to echidna-corpus/coverage/4555304938301739950.txt
[2026-08-01 09:03:48.79]  Saved reproducer to echidna-corpus/coverage/8383902726266723834.txt
[2026-08-01 09:03:48.81] [Worker 1] New coverage: 11024 instr, 5 contracts, 33 seqs in corpus
[2026-08-01 09:03:48.82] [Worker 1] Sequence replayed from corpus file 831558772297226393.txt (11/11)
[2026-08-01 09:03:48.90]  Saved reproducer to echidna-corpus/coverage/831558772297226393.txt
[2026-08-01 09:03:49.04] [Worker 2] Sequence replayed from corpus file 3634060122484890627.txt (11/11)
[2026-08-01 09:03:51.59] [status] tests: 0/6, fuzzing: 3951/100000, values: [], cov: 11024, corpus: 33
[2026-08-01 09:03:54.59] [status] tests: 0/6, fuzzing: 5416/100000, values: [], cov: 11024, corpus: 33
[2026-08-01 09:03:57.60] [status] tests: 0/6, fuzzing: 6904/100000, values: [], cov: 11024, corpus: 33
[2026-08-01 09:04:00.60] [status] tests: 0/6, fuzzing: 8440/100000, values: [], cov: 11024, corpus: 33
[2026-08-01 09:04:03.61] [status] tests: 0/6, fuzzing: 10065/100000, values: [], cov: 11024, corpus: 33
[2026-08-01 09:04:06.61] [status] tests: 0/6, fuzzing: 11554/100000, values: [], cov: 11024, corpus: 33
[2026-08-01 09:04:09.62] [status] tests: 0/6, fuzzing: 12995/100000, values: [], cov: 11024, corpus: 33
[2026-08-01 09:04:12.62] [status] tests: 0/6, fuzzing: 14480/100000, values: [], cov: 11024, corpus: 33
[2026-08-01 09:04:15.63] [status] tests: 0/6, fuzzing: 15963/100000, values: [], cov: 11024, corpus: 33
[2026-08-01 09:04:18.64] [status] tests: 0/6, fuzzing: 17362/100000, values: [], cov: 11024, corpus: 33
[2026-08-01 09:04:21.64] [status] tests: 0/6, fuzzing: 18951/100000, values: [], cov: 11024, corpus: 33
[2026-08-01 09:04:24.65] [status] tests: 0/6, fuzzing: 19921/100000, values: [], cov: 11024, corpus: 33
[2026-08-01 09:04:27.66] [status] tests: 0/6, fuzzing: 20242/100000, values: [], cov: 11024, corpus: 33
[2026-08-01 09:04:30.67] [status] tests: 0/6, fuzzing: 20439/100000, values: [], cov: 11024, corpus: 33
[2026-08-01 09:04:33.69] [status] tests: 0/6, fuzzing: 20634/100000, values: [], cov: 11024, corpus: 33
[2026-08-01 09:04:36.70] [status] tests: 0/6, fuzzing: 20878/100000, values: [], cov: 11024, corpus: 33
[2026-08-01 09:04:39.71] [status] tests: 0/6, fuzzing: 21460/100000, values: [], cov: 11024, corpus: 33
[2026-08-01 09:04:42.71] [status] tests: 0/6, fuzzing: 22484/100000, values: [], cov: 11024, corpus: 33
[2026-08-01 09:04:45.72] [status] tests: 0/6, fuzzing: 24089/100000, values: [], cov: 11024, corpus: 33
[2026-08-01 09:04:48.72] [status] tests: 0/6, fuzzing: 25355/100000, values: [], cov: 11024, corpus: 33
[2026-08-01 09:04:51.73] [status] tests: 0/6, fuzzing: 26946/100000, values: [], cov: 11024, corpus: 33
[2026-08-01 09:04:54.73] [status] tests: 0/6, fuzzing: 28144/100000, values: [], cov: 11024, corpus: 33
[2026-08-01 09:04:57.74] [status] tests: 0/6, fuzzing: 29205/100000, values: [], cov: 11024, corpus: 33
[2026-08-01 09:05:00.74] [status] tests: 0/6, fuzzing: 30657/100000, values: [], cov: 11024, corpus: 33
[2026-08-01 09:05:03.75] [status] tests: 0/6, fuzzing: 32379/100000, values: [], cov: 11024, corpus: 33
[2026-08-01 09:05:06.75] [status] tests: 0/6, fuzzing: 34137/100000, values: [], cov: 11024, corpus: 33
[2026-08-01 09:05:09.76] [status] tests: 0/6, fuzzing: 36086/100000, values: [], cov: 11024, corpus: 33
[2026-08-01 09:05:12.76] [status] tests: 0/6, fuzzing: 37980/100000, values: [], cov: 11024, corpus: 33
[2026-08-01 09:05:15.77] [status] tests: 0/6, fuzzing: 39660/100000, values: [], cov: 11024, corpus: 33
[2026-08-01 09:05:18.78] [status] tests: 0/6, fuzzing: 41547/100000, values: [], cov: 11024, corpus: 33
[2026-08-01 09:05:21.78] [status] tests: 0/6, fuzzing: 43270/100000, values: [], cov: 11024, corpus: 33
[2026-08-01 09:05:24.79] [status] tests: 0/6, fuzzing: 45203/100000, values: [], cov: 11024, corpus: 33
[2026-08-01 09:05:27.79] [status] tests: 0/6, fuzzing: 46959/100000, values: [], cov: 11024, corpus: 33
[2026-08-01 09:05:30.80] [status] tests: 0/6, fuzzing: 48665/100000, values: [], cov: 11024, corpus: 33
[2026-08-01 09:05:33.80] [status] tests: 0/6, fuzzing: 50094/100000, values: [], cov: 11024, corpus: 33
[2026-08-01 09:05:36.81] [status] tests: 0/6, fuzzing: 51416/100000, values: [], cov: 11024, corpus: 33
[2026-08-01 09:05:39.81] [status] tests: 0/6, fuzzing: 52608/100000, values: [], cov: 11024, corpus: 33
[2026-08-01 09:05:42.83] [status] tests: 0/6, fuzzing: 52922/100000, values: [], cov: 11024, corpus: 33
[2026-08-01 09:05:45.84] [status] tests: 0/6, fuzzing: 53182/100000, values: [], cov: 11024, corpus: 33
[2026-08-01 09:05:48.85] [status] tests: 0/6, fuzzing: 53450/100000, values: [], cov: 11024, corpus: 33
[2026-08-01 09:05:51.86] [status] tests: 0/6, fuzzing: 53905/100000, values: [], cov: 11024, corpus: 33
[2026-08-01 09:05:54.87] [status] tests: 0/6, fuzzing: 54100/100000, values: [], cov: 11024, corpus: 33
[2026-08-01 09:05:57.87] [status] tests: 0/6, fuzzing: 54670/100000, values: [], cov: 11024, corpus: 33
[2026-08-01 09:06:00.88] [status] tests: 0/6, fuzzing: 56399/100000, values: [], cov: 11024, corpus: 33
[2026-08-01 09:06:03.88] [status] tests: 0/6, fuzzing: 58133/100000, values: [], cov: 11024, corpus: 33
[2026-08-01 09:06:06.89] [status] tests: 0/6, fuzzing: 59888/100000, values: [], cov: 11024, corpus: 33
[2026-08-01 09:06:09.89] [status] tests: 0/6, fuzzing: 61368/100000, values: [], cov: 11024, corpus: 33
[2026-08-01 09:06:12.90] [status] tests: 0/6, fuzzing: 63152/100000, values: [], cov: 11024, corpus: 33
[2026-08-01 09:06:15.90] [status] tests: 0/6, fuzzing: 64710/100000, values: [], cov: 11024, corpus: 33
[2026-08-01 09:06:18.91] [status] tests: 0/6, fuzzing: 65798/100000, values: [], cov: 11024, corpus: 33
[2026-08-01 09:06:21.91] [status] tests: 0/6, fuzzing: 67383/100000, values: [], cov: 11024, corpus: 33
[2026-08-01 09:06:24.91] [status] tests: 0/6, fuzzing: 68626/100000, values: [], cov: 11024, corpus: 33
[2026-08-01 09:06:27.92] [status] tests: 0/6, fuzzing: 70086/100000, values: [], cov: 11024, corpus: 33
[2026-08-01 09:06:30.92] [status] tests: 0/6, fuzzing: 71451/100000, values: [], cov: 11024, corpus: 33
[2026-08-01 09:06:33.93] [status] tests: 0/6, fuzzing: 73029/100000, values: [], cov: 11024, corpus: 33
[2026-08-01 09:06:36.93] [status] tests: 0/6, fuzzing: 74368/100000, values: [], cov: 11024, corpus: 33
[2026-08-01 09:06:39.94] [status] tests: 0/6, fuzzing: 75538/100000, values: [], cov: 11024, corpus: 33
[2026-08-01 09:06:42.94] [status] tests: 0/6, fuzzing: 76741/100000, values: [], cov: 11024, corpus: 33
[2026-08-01 09:06:45.94] [status] tests: 0/6, fuzzing: 77871/100000, values: [], cov: 11024, corpus: 33
[2026-08-01 09:06:48.95] [status] tests: 0/6, fuzzing: 78743/100000, values: [], cov: 11024, corpus: 33
[2026-08-01 09:06:51.95] [status] tests: 0/6, fuzzing: 80013/100000, values: [], cov: 11024, corpus: 33
[2026-08-01 09:06:54.96] [status] tests: 0/6, fuzzing: 81634/100000, values: [], cov: 11024, corpus: 33
[2026-08-01 09:06:57.97] [status] tests: 0/6, fuzzing: 82925/100000, values: [], cov: 11024, corpus: 33
[2026-08-01 09:07:00.98] [status] tests: 0/6, fuzzing: 83889/100000, values: [], cov: 11024, corpus: 33
[2026-08-01 09:07:03.99] [status] tests: 0/6, fuzzing: 84149/100000, values: [], cov: 11024, corpus: 33
[2026-08-01 09:07:06.99] [status] tests: 0/6, fuzzing: 84397/100000, values: [], cov: 11024, corpus: 33
[2026-08-01 09:07:10.00] [status] tests: 0/6, fuzzing: 84764/100000, values: [], cov: 11024, corpus: 33
[2026-08-01 09:07:13.03] [status] tests: 0/6, fuzzing: 85019/100000, values: [], cov: 11024, corpus: 33
[2026-08-01 09:07:16.05] [status] tests: 0/6, fuzzing: 85214/100000, values: [], cov: 11024, corpus: 33
[2026-08-01 09:07:19.05] [status] tests: 0/6, fuzzing: 86479/100000, values: [], cov: 11024, corpus: 33
[2026-08-01 09:07:22.06] [status] tests: 0/6, fuzzing: 88416/100000, values: [], cov: 11024, corpus: 33
[2026-08-01 09:07:25.07] [status] tests: 0/6, fuzzing: 90241/100000, values: [], cov: 11024, corpus: 33
[2026-08-01 09:07:28.07] [status] tests: 0/6, fuzzing: 92122/100000, values: [], cov: 11024, corpus: 33
[2026-08-01 09:07:31.07] [status] tests: 0/6, fuzzing: 93748/100000, values: [], cov: 11024, corpus: 33
[2026-08-01 09:07:34.08] [status] tests: 0/6, fuzzing: 95577/100000, values: [], cov: 11024, corpus: 33
[2026-08-01 09:07:37.09] [status] tests: 0/6, fuzzing: 97418/100000, values: [], cov: 11024, corpus: 33
[2026-08-01 09:07:40.09] [status] tests: 0/6, fuzzing: 98988/100000, values: [], cov: 11024, corpus: 33
[2026-08-01 09:07:40.83] [Worker 2] Test limit reached. Stopping.
[2026-08-01 09:07:41.77] [Worker 1] Test limit reached. Stopping.
[2026-08-01 09:07:41.91] [Worker 3] Test limit reached. Stopping.
[2026-08-01 09:07:42.21] [Worker 0] Test limit reached. Stopping.
[2026-08-01 09:07:42.21] [status] tests: 0/6, fuzzing: 100165/100000, values: [], cov: 11024, corpus: 33
echidna_balance_equals_obligations: passing
echidna_ledger_consistent: passing
echidna_arbiter_never_credited: passing
echidna_nullifier_never_reused: passing
echidna_obligations_never_exceed_funded: passing
echidna_state_machine_valid: passing


Unique instructions: 11024
Unique codehashes: 5
Corpus size: 33
Seed: 20240718
Total calls: 100165

[2026-08-01 09:07:42.21] Saving test reproducers... Done! (0.000000676s)
[2026-08-01 09:07:42.21] Saving corpus... Done! (1.480415173s)
[2026-08-01 09:07:43.69] Saving coverage... Done! (1.658172551s)

=== exit status: 0 ===
